---
source: crates/sql-orm/tests/stage6_public_query_builder_snapshots.rs
assertion_line: 32
expression: render_snapshot(&compiled)
---
SQL: SELECT * FROM [dbo].[snapshot_users] WHERE (([dbo].[snapshot_users].[active] = @P1) AND ([dbo].[snapshot_users].[email] LIKE @P2 ESCAPE N'\')) ORDER BY [dbo].[snapshot_users].[email] DESC OFFSET @P3 ROWS FETCH NEXT @P4 ROWS ONLY
Params:
1: Bool(true)
2: String("%@example.com%")
3: I64(20)
4: I64(20)
